// Jest Snapshot v1, https://goo.gl/fbAQLP

exports[`ChatAction component renders the UI as expected 1`] = `"<ChatAction id=1 name=\\"Test name\\" />"`;

exports[`ChatAction component renders the UI as expected with no unreads 1`] = `"<ChatAction id=1 name=\\"Test name\\" />"`;
